<html>
<body>
<pre>
<h1>µVision Build Log</h1>
<h2>Project:</h2>
D:\ARM_Work\Project2.uvproj
Project File Date:  03/19/2019

<h2>Output:</h2>
Build target 'Target 1'
assembling Startup.s...
compiling blink1.c...
Pgms\blink1.c(21): warning:  #1-D: last line of file ends without a newline
linking...
Program Size: Code=584 RO-data=16 RW-data=0 ZI-data=1256  
"Project2.axf" - 0 Error(s), 1 Warning(s).
Build target 'Target 1'
assembling Startup.s...
compiling blink1.c...
Pgms\blink1.c(21): warning:  #1-D: last line of file ends without a newline
linking...
Program Size: Code=584 RO-data=16 RW-data=0 ZI-data=1256  
"Project2.axf" - 0 Error(s), 1 Warning(s).
Build target 'Target 1'
assembling Startup.s...
compiling blink1.c...
Pgms\blink1.c(22): warning:  #1-D: last line of file ends without a newline
linking...
Program Size: Code=588 RO-data=16 RW-data=0 ZI-data=1256  
"Project2.axf" - 0 Error(s), 1 Warning(s).
Build target 'Target 1'
assembling Startup.s...
compiling blink1.c...
Pgms\blink1.c(22): warning:  #1-D: last line of file ends without a newline
linking...
Program Size: Code=584 RO-data=16 RW-data=0 ZI-data=1256  
"Project2.axf" - 0 Error(s), 1 Warning(s).
Build target 'Target 1'
assembling Startup.s...
compiling blink1.c...
Pgms\blink1.c(23): warning:  #1-D: last line of file ends without a newline
linking...
Program Size: Code=568 RO-data=16 RW-data=0 ZI-data=1256  
"Project2.axf" - 0 Error(s), 1 Warning(s).
Build target 'Target 1'
assembling Startup.s...
compiling blink1.c...
Pgms\blink1.c(23): warning:  #1-D: last line of file ends without a newline
linking...
Program Size: Code=568 RO-data=16 RW-data=0 ZI-data=1256  
"Project2.axf" - 0 Error(s), 1 Warning(s).
Build target 'Target 1'
assembling Startup.s...
compiling blink1.c...
Pgms\blink1.c(23): warning:  #1-D: last line of file ends without a newline
linking...
Program Size: Code=568 RO-data=16 RW-data=0 ZI-data=1256  
"Project2.axf" - 0 Error(s), 1 Warning(s).
Build target 'Target 1'
assembling Startup.s...
compiling blink1.c...
Pgms\blink1.c(23): warning:  #1-D: last line of file ends without a newline
compiling switch.c...
Pgms\switch.c(21): warning:  #1-D: last line of file ends without a newline
linking...
Project2.axf: Error: L6200E: Symbol __ARM_use_no_argv multiply defined (by switch.o and blink1.o).
Project2.axf: Error: L6200E: Symbol main multiply defined (by switch.o and blink1.o).
Target not created
Build target 'Target 1'
assembling Startup.s...
compiling switch.c...
Pgms\switch.c(21): warning:  #1-D: last line of file ends without a newline
linking...
Program Size: Code=564 RO-data=16 RW-data=0 ZI-data=1256  
"Project2.axf" - 0 Error(s), 1 Warning(s).
Build target 'Target 1'
assembling Startup.s...
compiling switch.c...
Pgms\switch.c(21): warning:  #1-D: last line of file ends without a newline
linking...
Program Size: Code=560 RO-data=16 RW-data=0 ZI-data=1256  
"Project2.axf" - 0 Error(s), 1 Warning(s).
Build target 'Target 1'
assembling Startup.s...
compiling switch.c...
Pgms\switch.c(21): warning:  #1-D: last line of file ends without a newline
linking...
Program Size: Code=560 RO-data=16 RW-data=0 ZI-data=1256  
"Project2.axf" - 0 Error(s), 1 Warning(s).
Build target 'Target 1'
assembling max.asm...
Pgms\max.asm(8): warning: A1865W: '#' not seen before constant expression
Pgms\max.asm(19): error: A1154E: Unexpected operand, operator expected
Target not created
Build target 'Target 1'
assembling max.asm...
Pgms\max.asm(8): warning: A1865W: '#' not seen before constant expression
Pgms\max.asm(19): error: A1163E: Unknown opcode array , expecting opcode or Macro
Target not created
Build target 'Target 1'
assembling max.asm...
Pgms\max.asm(19): error: A1154E: Unexpected operand, operator expected
Target not created
Build target 'Target 1'
assembling max.asm...
Pgms\max.asm(19): error: A1154E: Unexpected operand, operator expected
Target not created
Build target 'Target 1'
assembling max.asm...
linking...
Project2.axf: Warning: L6665W: Neither Lib$$Request$$armlib Lib$$Request$$cpplib defined, not searching ARM libraries.
Project2.axf: Error: L6411W: No compatible library exists with a definition of startup symbol __main.
Target not created
Build target 'Target 1'
linking...
Program Size: Code=60 RO-data=0 RW-data=0 ZI-data=0  
"Project2.axf" - 0 Error(s), 0 Warning(s).
Build target 'Target 1'
assembling max.asm...
linking...
Program Size: Code=60 RO-data=0 RW-data=0 ZI-data=0  
"Project2.axf" - 0 Error(s), 0 Warning(s).
Build target 'Target 1'
linking...
Program Size: Code=60 RO-data=0 RW-data=0 ZI-data=0  
"Project2.axf" - 0 Error(s), 0 Warning(s).
Build target 'Target 1'
assembling sorting.asm...
Pgms\sorting.asm(21): error: A1152E: Unexpected operator
Target not created
Build target 'Target 1'
assembling sorting.asm...
linking...
Program Size: Code=100 RO-data=0 RW-data=0 ZI-data=0  
"Project2.axf" - 0 Error(s), 0 Warning(s).
Build target 'Target 1'
assembling sorting.asm...
linking...
Program Size: Code=128 RO-data=0 RW-data=0 ZI-data=0  
"Project2.axf" - 0 Error(s), 0 Warning(s).
Build target 'Target 1'
assembling sorting.asm...
linking...
Program Size: Code=128 RO-data=0 RW-data=0 ZI-data=0  
"Project2.axf" - 0 Error(s), 0 Warning(s).
Build target 'Target 1'
assembling sorting.asm...
linking...
Program Size: Code=124 RO-data=0 RW-data=0 ZI-data=0  
"Project2.axf" - 0 Error(s), 0 Warning(s).
Build target 'Target 1'
compiling switch.c...
Pgms\switch.c(21): warning:  #1-D: last line of file ends without a newline
linking...
Program Size: Code=600 RO-data=16 RW-data=0 ZI-data=96  
"Project2.axf" - 0 Error(s), 1 Warning(s).
Build target 'Target 1'
assembling Startup.s...
linking...
Program Size: Code=560 RO-data=16 RW-data=0 ZI-data=1256  
"Project2.axf" - 0 Error(s), 0 Warning(s).
Build target 'Target 1'
compiling switch.c...
Pgms\switch.c(21): warning:  #1-D: last line of file ends without a newline
linking...
Program Size: Code=560 RO-data=16 RW-data=0 ZI-data=1256  
"Project2.axf" - 0 Error(s), 1 Warning(s).
Build target 'Target 1'
compiling try.c...
Pgms\try.c(13): warning:  #1-D: last line of file ends without a newline
linking...
Program Size: Code=532 RO-data=16 RW-data=0 ZI-data=1256  
"Project2.axf" - 0 Error(s), 1 Warning(s).
Build target 'Target 1'
compiling try.c...
Pgms\try.c(13): warning:  #1-D: last line of file ends without a newline
linking...
Program Size: Code=532 RO-data=16 RW-data=0 ZI-data=1256  
"Project2.axf" - 0 Error(s), 1 Warning(s).
Build target 'Target 1'
compiling try1.c...
Pgms\try1.c(20): warning:  #111-D: statement is unreachable
Pgms\try1.c(21): warning:  #1-D: last line of file ends without a newline
linking...
Program Size: Code=540 RO-data=16 RW-data=0 ZI-data=1256  
"Project2.axf" - 0 Error(s), 2 Warning(s).
Build target 'Target 1'
linking...
Program Size: Code=540 RO-data=16 RW-data=0 ZI-data=1256  
"Project2.axf" - 0 Error(s), 0 Warning(s).
Build target 'Target 1'
assembling psort.asm...
Pgms\psort.asm(16): error: A1152E: Unexpected operator
Pgms\psort.asm(29): error: A1152E: Unexpected operator
Pgms\psort.asm(39): warning: A1447W: Missing END directive at end of file, but found a label named END
Target not created
Build target 'Target 1'
assembling psort.asm...
Pgms\psort.asm(16): error: A1152E: Unexpected operator
Pgms\psort.asm(29): error: A1152E: Unexpected operator
Target not created
Build target 'Target 1'
assembling psort.asm...
Pgms\psort.asm(14): error: A1152E: Unexpected operator
Pgms\psort.asm(27): error: A1152E: Unexpected operator
Target not created
Build target 'Target 1'
assembling psort.asm...
linking...
Project2.axf: Warning: L6665W: Neither Lib$$Request$$armlib Lib$$Request$$cpplib defined, not searching ARM libraries.
Project2.axf: Error: L6411W: No compatible library exists with a definition of startup symbol __main.
Target not created
Build target 'Target 1'
assembling psort.asm...
linking...
Program Size: Code=100 RO-data=0 RW-data=0 ZI-data=0  
"Project2.axf" - 0 Error(s), 0 Warning(s).
Build target 'Target 1'
linking...
Program Size: Code=100 RO-data=0 RW-data=0 ZI-data=0  
"Project2.axf" - 0 Error(s), 0 Warning(s).
Build target 'Target 1'
assembling psort.asm...
Pgms\psort.asm(1): error: A1207E: Bad or unknown attribute
Target not created
Build target 'Target 1'
assembling psort.asm...
Pgms\psort.asm(1): error: A1207E: Bad or unknown attribute
Target not created
Build target 'Target 1'
assembling psort.asm...
linking...
Project2.axf: Error: L6206E: Entry point (0x00000000) lies outside the image.
Target not created
Build target 'Target 1'
assembling psort.asm...
Pgms\psort.asm(1): error: A1207E: Bad or unknown attribute
Target not created
Build target 'Target 1'
assembling psort.asm...
linking...
Program Size: Code=100 RO-data=0 RW-data=0 ZI-data=0  
"Project2.axf" - 0 Error(s), 0 Warning(s).
Build target 'Target 1'
assembling psort.asm...
linking...
Program Size: Code=116 RO-data=0 RW-data=0 ZI-data=0  
"Project2.axf" - 0 Error(s), 0 Warning(s).
Build target 'Target 1'
assembling psort.asm...
linking...
Program Size: Code=104 RO-data=0 RW-data=0 ZI-data=0  
"Project2.axf" - 0 Error(s), 0 Warning(s).
Build target 'Target 1'
assembling psort.asm...
linking...
Program Size: Code=104 RO-data=0 RW-data=0 ZI-data=0  
"Project2.axf" - 0 Error(s), 0 Warning(s).
Build target 'Target 1'
assembling psort.asm...
linking...
Program Size: Code=104 RO-data=0 RW-data=0 ZI-data=0  
"Project2.axf" - 0 Error(s), 0 Warning(s).
Build target 'Target 1'
assembling psort.asm...
linking...
Program Size: Code=96 RO-data=0 RW-data=0 ZI-data=0  
"Project2.axf" - 0 Error(s), 0 Warning(s).
